// Jest Snapshot v1, https://goo.gl/fbAQLP

exports[`App App to match Snapshot 1`] = `
Object {
  "asFragment": [Function],
  "baseElement": <body>
    <div>
      <header
        class="navbar"
      >
        <a
          class="navbar-img"
          href="/"
        >
          <img
            alt="Company Logo"
            src="planet.png"
          />
          <h1>
            Space Travelers' Hub
          </h1>
        </a>
        <nav
          class="navbar-links"
        >
          <a
            aria-current="page"
            class="active"
            href="/"
          >
            Rockets
          </a>
          <a
            class=""
            href="/missions"
          >
            Missions
          </a>
          <hr
            class="line"
          />
          <a
            class=""
            href="/myProfile"
          >
            My Profile
          </a>
        </nav>
      </header>
      <div>
        <h1>
           Please wait, Rockets are Loading...
        </h1>
      </div>
    </div>
  </body>,
  "container": <div>
    <header
      class="navbar"
    >
      <a
        class="navbar-img"
        href="/"
      >
        <img
          alt="Company Logo"
          src="planet.png"
        />
        <h1>
          Space Travelers' Hub
        </h1>
      </a>
      <nav
        class="navbar-links"
      >
        <a
          aria-current="page"
          class="active"
          href="/"
        >
          Rockets
        </a>
        <a
          class=""
          href="/missions"
        >
          Missions
        </a>
        <hr
          class="line"
        />
        <a
          class=""
          href="/myProfile"
        >
          My Profile
        </a>
      </nav>
    </header>
    <div>
      <h1>
         Please wait, Rockets are Loading...
      </h1>
    </div>
  </div>,
  "debug": [Function],
  "findAllByAltText": [Function],
  "findAllByDisplayValue": [Function],
  "findAllByLabelText": [Function],
  "findAllByPlaceholderText": [Function],
  "findAllByRole": [Function],
  "findAllByTestId": [Function],
  "findAllByText": [Function],
  "findAllByTitle": [Function],
  "findByAltText": [Function],
  "findByDisplayValue": [Function],
  "findByLabelText": [Function],
  "findByPlaceholderText": [Function],
  "findByRole": [Function],
  "findByTestId": [Function],
  "findByText": [Function],
  "findByTitle": [Function],
  "getAllByAltText": [Function],
  "getAllByDisplayValue": [Function],
  "getAllByLabelText": [Function],
  "getAllByPlaceholderText": [Function],
  "getAllByRole": [Function],
  "getAllByTestId": [Function],
  "getAllByText": [Function],
  "getAllByTitle": [Function],
  "getByAltText": [Function],
  "getByDisplayValue": [Function],
  "getByLabelText": [Function],
  "getByPlaceholderText": [Function],
  "getByRole": [Function],
  "getByTestId": [Function],
  "getByText": [Function],
  "getByTitle": [Function],
  "queryAllByAltText": [Function],
  "queryAllByDisplayValue": [Function],
  "queryAllByLabelText": [Function],
  "queryAllByPlaceholderText": [Function],
  "queryAllByRole": [Function],
  "queryAllByTestId": [Function],
  "queryAllByText": [Function],
  "queryAllByTitle": [Function],
  "queryByAltText": [Function],
  "queryByDisplayValue": [Function],
  "queryByLabelText": [Function],
  "queryByPlaceholderText": [Function],
  "queryByRole": [Function],
  "queryByTestId": [Function],
  "queryByText": [Function],
  "queryByTitle": [Function],
  "rerender": [Function],
  "unmount": [Function],
}
`;
