// Jest Snapshot v1, https://goo.gl/fbAQLP

exports[`MyProfile MyProfile to match Snapshot 1`] = `
Object {
  "asFragment": [Function],
  "baseElement": <body>
    <div>
      <div
        class="mainContainer"
      >
        <div
          class="missionContainer"
        >
          <p>
            missions container
          </p>
        </div>
        <div
          class="rocketContainer"
        >
          <h2>
            My Rockets
          </h2>
          <ul
            class="rocketsUL"
          >
            <li>
              It looks like you haven't reserved any rockets yet. Don't forget to check out the Rockets page to make a reservation.
            </li>
          </ul>
        </div>
      </div>
    </div>
  </body>,
  "container": <div>
    <div
      class="mainContainer"
    >
      <div
        class="missionContainer"
      >
        <p>
          missions container
        </p>
      </div>
      <div
        class="rocketContainer"
      >
        <h2>
          My Rockets
        </h2>
        <ul
          class="rocketsUL"
        >
          <li>
            It looks like you haven't reserved any rockets yet. Don't forget to check out the Rockets page to make a reservation.
          </li>
        </ul>
      </div>
    </div>
  </div>,
  "debug": [Function],
  "findAllByAltText": [Function],
  "findAllByDisplayValue": [Function],
  "findAllByLabelText": [Function],
  "findAllByPlaceholderText": [Function],
  "findAllByRole": [Function],
  "findAllByTestId": [Function],
  "findAllByText": [Function],
  "findAllByTitle": [Function],
  "findByAltText": [Function],
  "findByDisplayValue": [Function],
  "findByLabelText": [Function],
  "findByPlaceholderText": [Function],
  "findByRole": [Function],
  "findByTestId": [Function],
  "findByText": [Function],
  "findByTitle": [Function],
  "getAllByAltText": [Function],
  "getAllByDisplayValue": [Function],
  "getAllByLabelText": [Function],
  "getAllByPlaceholderText": [Function],
  "getAllByRole": [Function],
  "getAllByTestId": [Function],
  "getAllByText": [Function],
  "getAllByTitle": [Function],
  "getByAltText": [Function],
  "getByDisplayValue": [Function],
  "getByLabelText": [Function],
  "getByPlaceholderText": [Function],
  "getByRole": [Function],
  "getByTestId": [Function],
  "getByText": [Function],
  "getByTitle": [Function],
  "queryAllByAltText": [Function],
  "queryAllByDisplayValue": [Function],
  "queryAllByLabelText": [Function],
  "queryAllByPlaceholderText": [Function],
  "queryAllByRole": [Function],
  "queryAllByTestId": [Function],
  "queryAllByText": [Function],
  "queryAllByTitle": [Function],
  "queryByAltText": [Function],
  "queryByDisplayValue": [Function],
  "queryByLabelText": [Function],
  "queryByPlaceholderText": [Function],
  "queryByRole": [Function],
  "queryByTestId": [Function],
  "queryByText": [Function],
  "queryByTitle": [Function],
  "rerender": [Function],
  "unmount": [Function],
}
`;
